Error Counts:
10: FIR analysis crashed or returned null without reporting errors.
7: Missing built-in declaration: test environment is missing a dependency on the Kotlin standard library.
4: IR mangler failure: fake override property missing accessors or backing field.
2: FIR resolution failure: unresolved reference 'A'.
1: Java compilation failed: cannot find symbol 'List'. Likely a circular dependency or missing classpath in JKlib test infrastructure.
1: IR text mismatch: actual IR output differs from the expected golden file.
1: FIR resolution failure: unresolved reference 'j1'.
1: FIR resolution failure: unresolved reference 'KotlinInternalSeparate'.
1: Java compilation failed: cannot find Kotlin class 'KClass' or its properties. Likely an unsupported circular dependency between Java and Kotlin in JKlib.
1: FIR resolution failure: unresolved reference 'BaseFirBuilder'.
1: Infrastructure error: required environment variable JDK_17_0 is not set.
1: java.lang.IllegalStateException: UNRESOLVED_REFERENCE: Unresolved reference 'exact'. at main.kt:(81,86) at org.jetbrains.kotlin.test.backend.handlers.NoFirCompilationErrorsHandler.processModule(NoFirCompilationErrorsHandler.kt:54) at org.jetbrains.kotlin.test.backend.handlers.NoFirCompilationErrorsHandler.processModule(NoFirCompilationErrorsHandler.kt:25) at org.jetbrains.kotlin.test.TestStep$NonGroupingStep$HandlersStep.processModule(TestStep.kt:95) at org.jetbrains.kotlin.test.TestStep$NonGroupingStep$HandlersStep.processModule(TestStep.kt:72) at org.jetbrains.kotlin.test.NonGroupingTestRunner.processModule(TestRunner.kt:264) at org.jetbrains.kotlin.test.NonGroupingTestRunner.hackyProcessModule(TestRunner.kt:255) at org.jetbrains.kotlin.test.NonGroupingTestRunner.processModule$lambda$2(TestRunner.kt:236) at org.jetbrains.kotlin.test.TestRunner.runPipelineOnSingleUnit(TestRunner.kt:85) at org.jetbrains.kotlin.test.NonGroupingTestRunner.processModule(TestRunner.kt:232) at org.jetbrains.kotlin.test.NonGroupingTestRunner.runSteps(TestRunner.kt:198) at org.jetbrains.kotlin.test.NonGroupingTestRunner.runTestPipeline(TestRunner.kt:183) at org.jetbrains.kotlin.test.NonGroupingTestRunner.runTest(TestRunner.kt:146) at org.jetbrains.kotlin.test.NonGroupingTestRunner.runTest$default(TestRunner.kt:143) at org.jetbrains.kotlin.test.runners.AbstractKotlinCompilerTest.runTest(AbstractKotlinCompilerTest.kt:119) at org.jetbrains.kotlin.jklib.test.irText.FirJKlibIrTextTestGenerated$Declarations$Annotations.run(FirJKlibIrTextTestGenerated.java:633) at org.jetbrains.kotlin.jklib.test.irText.FirJKlibIrTextTestGenerated$Declarations$Annotations.testSpecialAnnotationsMetadata(FirJKlibIrTextTestGenerated.java:837) at java.lang.reflect.Method.invoke(Method.java:498) at org.jetbrains.kotlin.test.MuteInInvocationInterceptor.interceptWithMuteInDatabase(muteWithDatabaseJunit5.kt:122) at org.jetbrains.kotlin.test.MuteInInvocationInterceptor.interceptTestMethod(muteWithDatabaseJunit5.kt:87) at java.util.concurrent.ForkJoinTask.doExec(ForkJoinTask.java:289) at java.util.concurrent.ForkJoinTask.doJoin(ForkJoinTask.java:389) at java.util.concurrent.ForkJoinTask.join(ForkJoinTask.java:719) at java.util.concurrent.ForkJoinTask.doExec(ForkJoinTask.java:289) at java.util.concurrent.ForkJoinTask.doJoin(ForkJoinTask.java:389) at java.util.concurrent.ForkJoinTask.join(ForkJoinTask.java:719) at java.util.concurrent.ForkJoinTask.doExec(ForkJoinTask.java:289) at java.util.concurrent.ForkJoinPool$WorkQueue.runTask(ForkJoinPool.java:1056) at java.util.concurrent.ForkJoinPool.runWorker(ForkJoinPool.java:1692) at java.util.concurrent.ForkJoinWorkerThread.run(ForkJoinWorkerThread.java:175)
1: java.lang.IllegalStateException: UNRESOLVED_REFERENCE: Unresolved reference 'source'. at main.kt:(86,92) at org.jetbrains.kotlin.test.backend.handlers.NoFirCompilationErrorsHandler.processModule(NoFirCompilationErrorsHandler.kt:54) at org.jetbrains.kotlin.test.backend.handlers.NoFirCompilationErrorsHandler.processModule(NoFirCompilationErrorsHandler.kt:25) at org.jetbrains.kotlin.test.TestStep$NonGroupingStep$HandlersStep.processModule(TestStep.kt:95) at org.jetbrains.kotlin.test.TestStep$NonGroupingStep$HandlersStep.processModule(TestStep.kt:72) at org.jetbrains.kotlin.test.NonGroupingTestRunner.processModule(TestRunner.kt:264) at org.jetbrains.kotlin.test.NonGroupingTestRunner.hackyProcessModule(TestRunner.kt:255) at org.jetbrains.kotlin.test.NonGroupingTestRunner.processModule$lambda$2(TestRunner.kt:236) at org.jetbrains.kotlin.test.TestRunner.runPipelineOnSingleUnit(TestRunner.kt:85) at org.jetbrains.kotlin.test.NonGroupingTestRunner.processModule(TestRunner.kt:232) at org.jetbrains.kotlin.test.NonGroupingTestRunner.runSteps(TestRunner.kt:198) at org.jetbrains.kotlin.test.NonGroupingTestRunner.runTestPipeline(TestRunner.kt:183) at org.jetbrains.kotlin.test.NonGroupingTestRunner.runTest(TestRunner.kt:146) at org.jetbrains.kotlin.test.NonGroupingTestRunner.runTest$default(TestRunner.kt:143) at org.jetbrains.kotlin.test.runners.AbstractKotlinCompilerTest.runTest(AbstractKotlinCompilerTest.kt:119) at org.jetbrains.kotlin.jklib.test.irText.FirJKlibIrTextTestGenerated$Declarations$Annotations.run(FirJKlibIrTextTestGenerated.java:633) at org.jetbrains.kotlin.jklib.test.irText.FirJKlibIrTextTestGenerated$Declarations$Annotations.testAnnotationRetentionsMultiModule(FirJKlibIrTextTestGenerated.java:657) at java.lang.reflect.Method.invoke(Method.java:498) at org.jetbrains.kotlin.test.MuteInInvocationInterceptor.interceptWithMuteInDatabase(muteWithDatabaseJunit5.kt:122) at org.jetbrains.kotlin.test.MuteInInvocationInterceptor.interceptTestMethod(muteWithDatabaseJunit5.kt:87) at java.util.concurrent.ForkJoinTask.doExec(ForkJoinTask.java:289) at java.util.concurrent.ForkJoinPool.helpStealer(ForkJoinPool.java:1958) at java.util.concurrent.ForkJoinPool.awaitJoin(ForkJoinPool.java:2047) at java.util.concurrent.ForkJoinTask.doJoin(ForkJoinTask.java:390) at java.util.concurrent.ForkJoinTask.join(ForkJoinTask.java:719) at java.util.concurrent.ForkJoinTask.doExec(ForkJoinTask.java:289) at java.util.concurrent.ForkJoinPool$WorkQueue.runTask(ForkJoinPool.java:1056) at java.util.concurrent.ForkJoinPool.runWorker(ForkJoinPool.java:1692) at java.util.concurrent.ForkJoinWorkerThread.run(ForkJoinWorkerThread.java:175)
1: java.lang.IllegalStateException: MISSING_BUILT_IN_DECLARATION: Cannot access built-in declaration 'kotlin.reflect.KClass'. Ensure that you have a dependency on the Kotlin standard library. at classLiteralInAnnotation.kt:(49,69) at org.jetbrains.kotlin.test.backend.handlers.NoFirCompilationErrorsHandler.processModule(NoFirCompilationErrorsHandler.kt:54) at org.jetbrains.kotlin.test.backend.handlers.NoFirCompilationErrorsHandler.processModule(NoFirCompilationErrorsHandler.kt:25) at org.jetbrains.kotlin.test.TestStep$NonGroupingStep$HandlersStep.processModule(TestStep.kt:95) at org.jetbrains.kotlin.test.TestStep$NonGroupingStep$HandlersStep.processModule(TestStep.kt:72) at org.jetbrains.kotlin.test.NonGroupingTestRunner.processModule(TestRunner.kt:264) at org.jetbrains.kotlin.test.NonGroupingTestRunner.hackyProcessModule(TestRunner.kt:255) at org.jetbrains.kotlin.test.NonGroupingTestRunner.processModule$lambda$2(TestRunner.kt:236) at org.jetbrains.kotlin.test.TestRunner.runPipelineOnSingleUnit(TestRunner.kt:85) at org.jetbrains.kotlin.test.NonGroupingTestRunner.processModule(TestRunner.kt:232) at org.jetbrains.kotlin.test.NonGroupingTestRunner.runSteps(TestRunner.kt:198) at org.jetbrains.kotlin.test.NonGroupingTestRunner.runTestPipeline(TestRunner.kt:183) at org.jetbrains.kotlin.test.NonGroupingTestRunner.runTest(TestRunner.kt:146) at org.jetbrains.kotlin.test.NonGroupingTestRunner.runTest$default(TestRunner.kt:143) at org.jetbrains.kotlin.test.runners.AbstractKotlinCompilerTest.runTest(AbstractKotlinCompilerTest.kt:119) at org.jetbrains.kotlin.jklib.test.irText.FirJKlibIrTextTestGenerated$Declarations$Annotations.run(FirJKlibIrTextTestGenerated.java:633) at org.jetbrains.kotlin.jklib.test.irText.FirJKlibIrTextTestGenerated$Declarations$Annotations.testClassLiteralInAnnotation(FirJKlibIrTextTestGenerated.java:699) at java.lang.reflect.Method.invoke(Method.java:498) at org.jetbrains.kotlin.test.MuteInInvocationInterceptor.interceptWithMuteInDatabase(muteWithDatabaseJunit5.kt:122) at org.jetbrains.kotlin.test.MuteInInvocationInterceptor.interceptTestMethod(muteWithDatabaseJunit5.kt:87) at java.util.concurrent.ForkJoinTask.doExec(ForkJoinTask.java:289) at java.util.concurrent.ForkJoinTask.doJoin(ForkJoinTask.java:389) at java.util.concurrent.ForkJoinTask.join(ForkJoinTask.java:719) at java.util.concurrent.ForkJoinTask.doExec(ForkJoinTask.java:289) at java.util.concurrent.ForkJoinTask.doJoin(ForkJoinTask.java:389) at java.util.concurrent.ForkJoinTask.join(ForkJoinTask.java:719) at java.util.concurrent.ForkJoinTask.doExec(ForkJoinTask.java:289) at java.util.concurrent.ForkJoinPool$WorkQueue.runTask(ForkJoinPool.java:1056) at java.util.concurrent.ForkJoinPool.runWorker(ForkJoinPool.java:1692) at java.util.concurrent.ForkJoinWorkerThread.run(ForkJoinWorkerThread.java:175)
1: java.lang.IllegalStateException: MISSING_BUILT_IN_DECLARATION: Cannot access built-in declaration 'kotlin.collections.IntIterator'. Ensure that you have a dependency on the Kotlin standard library. at arraysFromBuiltins.kt:(182,190) at org.jetbrains.kotlin.test.backend.handlers.NoFirCompilationErrorsHandler.processModule(NoFirCompilationErrorsHandler.kt:54) at org.jetbrains.kotlin.test.backend.handlers.NoFirCompilationErrorsHandler.processModule(NoFirCompilationErrorsHandler.kt:25) at org.jetbrains.kotlin.test.TestStep$NonGroupingStep$HandlersStep.processModule(TestStep.kt:95) at org.jetbrains.kotlin.test.TestStep$NonGroupingStep$HandlersStep.processModule(TestStep.kt:72) at org.jetbrains.kotlin.test.NonGroupingTestRunner.processModule(TestRunner.kt:264) at org.jetbrains.kotlin.test.NonGroupingTestRunner.hackyProcessModule(TestRunner.kt:255) at org.jetbrains.kotlin.test.NonGroupingTestRunner.processModule$lambda$2(TestRunner.kt:236) at org.jetbrains.kotlin.test.TestRunner.runPipelineOnSingleUnit(TestRunner.kt:85) at org.jetbrains.kotlin.test.NonGroupingTestRunner.processModule(TestRunner.kt:232) at org.jetbrains.kotlin.test.NonGroupingTestRunner.runSteps(TestRunner.kt:198) at org.jetbrains.kotlin.test.NonGroupingTestRunner.runTestPipeline(TestRunner.kt:183) at org.jetbrains.kotlin.test.NonGroupingTestRunner.runTest(TestRunner.kt:146) at org.jetbrains.kotlin.test.NonGroupingTestRunner.runTest$default(TestRunner.kt:143) at org.jetbrains.kotlin.test.runners.AbstractKotlinCompilerTest.runTest(AbstractKotlinCompilerTest.kt:119) at org.jetbrains.kotlin.jklib.test.irText.FirJKlibIrTextTestGenerated$Stubs.run(FirJKlibIrTextTestGenerated.java:4903) at org.jetbrains.kotlin.jklib.test.irText.FirJKlibIrTextTestGenerated$Stubs.testArraysFromBuiltins(FirJKlibIrTextTestGenerated.java:4909) at java.lang.reflect.Method.invoke(Method.java:498) at org.jetbrains.kotlin.test.MuteInInvocationInterceptor.interceptWithMuteInDatabase(muteWithDatabaseJunit5.kt:122) at org.jetbrains.kotlin.test.MuteInInvocationInterceptor.interceptTestMethod(muteWithDatabaseJunit5.kt:87) at java.util.concurrent.ForkJoinTask.doExec(ForkJoinTask.java:289) at java.util.concurrent.ForkJoinPool$WorkQueue.runTask(ForkJoinPool.java:1056) at java.util.concurrent.ForkJoinPool.runWorker(ForkJoinPool.java:1692) at java.util.concurrent.ForkJoinWorkerThread.run(ForkJoinWorkerThread.java:175)
1: java.lang.IllegalStateException: UNRESOLVED_REFERENCE: Unresolved reference 'x'. at genericClassInDifferentModule_m2.kt:(150,151) at org.jetbrains.kotlin.test.backend.handlers.NoFirCompilationErrorsHandler.processModule(NoFirCompilationErrorsHandler.kt:54) at org.jetbrains.kotlin.test.backend.handlers.NoFirCompilationErrorsHandler.processModule(NoFirCompilationErrorsHandler.kt:25) at org.jetbrains.kotlin.test.TestStep$NonGroupingStep$HandlersStep.processModule(TestStep.kt:95) at org.jetbrains.kotlin.test.TestStep$NonGroupingStep$HandlersStep.processModule(TestStep.kt:72) at org.jetbrains.kotlin.test.NonGroupingTestRunner.processModule(TestRunner.kt:264) at org.jetbrains.kotlin.test.NonGroupingTestRunner.hackyProcessModule(TestRunner.kt:255) at org.jetbrains.kotlin.test.NonGroupingTestRunner.processModule$lambda$2(TestRunner.kt:236) at org.jetbrains.kotlin.test.TestRunner.runPipelineOnSingleUnit(TestRunner.kt:85) at org.jetbrains.kotlin.test.NonGroupingTestRunner.processModule(TestRunner.kt:232) at org.jetbrains.kotlin.test.NonGroupingTestRunner.runSteps(TestRunner.kt:198) at org.jetbrains.kotlin.test.NonGroupingTestRunner.runTestPipeline(TestRunner.kt:183) at org.jetbrains.kotlin.test.NonGroupingTestRunner.runTest(TestRunner.kt:146) at org.jetbrains.kotlin.test.NonGroupingTestRunner.runTest$default(TestRunner.kt:143) at org.jetbrains.kotlin.test.runners.AbstractKotlinCompilerTest.runTest(AbstractKotlinCompilerTest.kt:119) at org.jetbrains.kotlin.jklib.test.irText.FirJKlibIrTextTestGenerated$Stubs.run(FirJKlibIrTextTestGenerated.java:4903) at org.jetbrains.kotlin.jklib.test.irText.FirJKlibIrTextTestGenerated$Stubs.testGenericClassInDifferentModule(FirJKlibIrTextTestGenerated.java:4927) at java.lang.reflect.Method.invoke(Method.java:498) at org.jetbrains.kotlin.test.MuteInInvocationInterceptor.interceptWithMuteInDatabase(muteWithDatabaseJunit5.kt:122) at org.jetbrains.kotlin.test.MuteInInvocationInterceptor.interceptTestMethod(muteWithDatabaseJunit5.kt:87) at java.util.concurrent.ForkJoinTask.doExec(ForkJoinTask.java:289) at java.util.concurrent.ForkJoinTask.doJoin(ForkJoinTask.java:389) at java.util.concurrent.ForkJoinTask.join(ForkJoinTask.java:719) at java.util.concurrent.ForkJoinTask.doExec(ForkJoinTask.java:289) at java.util.concurrent.ForkJoinPool$WorkQueue.runTask(ForkJoinPool.java:1056) at java.util.concurrent.ForkJoinPool.runWorker(ForkJoinPool.java:1692) at java.util.concurrent.ForkJoinWorkerThread.run(ForkJoinWorkerThread.java:175)

Details:
10: FIR analysis crashed or returned null without reporting errors.
'nullCheckOnInterfaceDelegation',
'nullCheckInElvisRhs',
'allPropertiesAndMethodsWithSeparateModuleKJJ',
'intersectionWithSeparateModule',
'intersectionOverride',
'intersectionWithGenericOverride',
'substitutionOverride',
'basicOverride',
'intersectionWithExplicitOverride',
'javaRawTypesAndGenericsErasure',

7: Missing built-in declaration: test environment is missing a dependency on the Kotlin standard library.
'ifWithLoop',
'simpleOperators',
'kt47245',
'whenWithSubjectVariable',
'breakContinueInWhen',
'withVarargViewedAsArray',
'coercionInLoop',

4: IR mangler failure: fake override property missing accessors or backing field.
'fieldAccess_generic',
'fieldAccess_invisible',
'protectedJavaFieldRef',
'fieldAccess_regular',

2: FIR resolution failure: unresolved reference 'A'.
'internalPotentialFakeOverride',
'internalPotentialOverride',

1: Java compilation failed: cannot find symbol 'List'. Likely a circular dependency or missing classpath in JKlib test infrastructure.
'fakeOverrideOfRaw',

1: IR text mismatch: actual IR output differs from the expected golden file.
'staticOverrideOnKJJ',

1: FIR resolution failure: unresolved reference 'j1'.
'allPropertiesAndMethodsKJ',

1: FIR resolution failure: unresolved reference 'KotlinInternalSeparate'.
'intersectionWithPublishedApiOverride',

1: Java compilation failed: cannot find Kotlin class 'KClass' or its properties. Likely an unsupported circular dependency between Java and Kotlin in JKlib.
'lateinitPropertiesSeparateModule',

1: FIR resolution failure: unresolved reference 'BaseFirBuilder'.
'firBuilder',

1: Infrastructure error: required environment variable JDK_17_0 is not set.
'javaRecordComponentAccess',

1: java.lang.IllegalStateException: UNRESOLVED_REFERENCE: Unresolved reference 'exact'. at main.kt:(81,86) at org.jetbrains.kotlin.test.backend.handlers.NoFirCompilationErrorsHandler.processModule(NoFirCompilationErrorsHandler.kt:54) at org.jetbrains.kotlin.test.backend.handlers.NoFirCompilationErrorsHandler.processModule(NoFirCompilationErrorsHandler.kt:25) at org.jetbrains.kotlin.test.TestStep$NonGroupingStep$HandlersStep.processModule(TestStep.kt:95) at org.jetbrains.kotlin.test.TestStep$NonGroupingStep$HandlersStep.processModule(TestStep.kt:72) at org.jetbrains.kotlin.test.NonGroupingTestRunner.processModule(TestRunner.kt:264) at org.jetbrains.kotlin.test.NonGroupingTestRunner.hackyProcessModule(TestRunner.kt:255) at org.jetbrains.kotlin.test.NonGroupingTestRunner.processModule$lambda$2(TestRunner.kt:236) at org.jetbrains.kotlin.test.TestRunner.runPipelineOnSingleUnit(TestRunner.kt:85) at org.jetbrains.kotlin.test.NonGroupingTestRunner.processModule(TestRunner.kt:232) at org.jetbrains.kotlin.test.NonGroupingTestRunner.runSteps(TestRunner.kt:198) at org.jetbrains.kotlin.test.NonGroupingTestRunner.runTestPipeline(TestRunner.kt:183) at org.jetbrains.kotlin.test.NonGroupingTestRunner.runTest(TestRunner.kt:146) at org.jetbrains.kotlin.test.NonGroupingTestRunner.runTest$default(TestRunner.kt:143) at org.jetbrains.kotlin.test.runners.AbstractKotlinCompilerTest.runTest(AbstractKotlinCompilerTest.kt:119) at org.jetbrains.kotlin.jklib.test.irText.FirJKlibIrTextTestGenerated$Declarations$Annotations.run(FirJKlibIrTextTestGenerated.java:633) at org.jetbrains.kotlin.jklib.test.irText.FirJKlibIrTextTestGenerated$Declarations$Annotations.testSpecialAnnotationsMetadata(FirJKlibIrTextTestGenerated.java:837) at java.lang.reflect.Method.invoke(Method.java:498) at org.jetbrains.kotlin.test.MuteInInvocationInterceptor.interceptWithMuteInDatabase(muteWithDatabaseJunit5.kt:122) at org.jetbrains.kotlin.test.MuteInInvocationInterceptor.interceptTestMethod(muteWithDatabaseJunit5.kt:87) at java.util.concurrent.ForkJoinTask.doExec(ForkJoinTask.java:289) at java.util.concurrent.ForkJoinTask.doJoin(ForkJoinTask.java:389) at java.util.concurrent.ForkJoinTask.join(ForkJoinTask.java:719) at java.util.concurrent.ForkJoinTask.doExec(ForkJoinTask.java:289) at java.util.concurrent.ForkJoinTask.doJoin(ForkJoinTask.java:389) at java.util.concurrent.ForkJoinTask.join(ForkJoinTask.java:719) at java.util.concurrent.ForkJoinTask.doExec(ForkJoinTask.java:289) at java.util.concurrent.ForkJoinPool$WorkQueue.runTask(ForkJoinPool.java:1056) at java.util.concurrent.ForkJoinPool.runWorker(ForkJoinPool.java:1692) at java.util.concurrent.ForkJoinWorkerThread.run(ForkJoinWorkerThread.java:175)
'specialAnnotationsMetadata',

1: java.lang.IllegalStateException: UNRESOLVED_REFERENCE: Unresolved reference 'source'. at main.kt:(86,92) at org.jetbrains.kotlin.test.backend.handlers.NoFirCompilationErrorsHandler.processModule(NoFirCompilationErrorsHandler.kt:54) at org.jetbrains.kotlin.test.backend.handlers.NoFirCompilationErrorsHandler.processModule(NoFirCompilationErrorsHandler.kt:25) at org.jetbrains.kotlin.test.TestStep$NonGroupingStep$HandlersStep.processModule(TestStep.kt:95) at org.jetbrains.kotlin.test.TestStep$NonGroupingStep$HandlersStep.processModule(TestStep.kt:72) at org.jetbrains.kotlin.test.NonGroupingTestRunner.processModule(TestRunner.kt:264) at org.jetbrains.kotlin.test.NonGroupingTestRunner.hackyProcessModule(TestRunner.kt:255) at org.jetbrains.kotlin.test.NonGroupingTestRunner.processModule$lambda$2(TestRunner.kt:236) at org.jetbrains.kotlin.test.TestRunner.runPipelineOnSingleUnit(TestRunner.kt:85) at org.jetbrains.kotlin.test.NonGroupingTestRunner.processModule(TestRunner.kt:232) at org.jetbrains.kotlin.test.NonGroupingTestRunner.runSteps(TestRunner.kt:198) at org.jetbrains.kotlin.test.NonGroupingTestRunner.runTestPipeline(TestRunner.kt:183) at org.jetbrains.kotlin.test.NonGroupingTestRunner.runTest(TestRunner.kt:146) at org.jetbrains.kotlin.test.NonGroupingTestRunner.runTest$default(TestRunner.kt:143) at org.jetbrains.kotlin.test.runners.AbstractKotlinCompilerTest.runTest(AbstractKotlinCompilerTest.kt:119) at org.jetbrains.kotlin.jklib.test.irText.FirJKlibIrTextTestGenerated$Declarations$Annotations.run(FirJKlibIrTextTestGenerated.java:633) at org.jetbrains.kotlin.jklib.test.irText.FirJKlibIrTextTestGenerated$Declarations$Annotations.testAnnotationRetentionsMultiModule(FirJKlibIrTextTestGenerated.java:657) at java.lang.reflect.Method.invoke(Method.java:498) at org.jetbrains.kotlin.test.MuteInInvocationInterceptor.interceptWithMuteInDatabase(muteWithDatabaseJunit5.kt:122) at org.jetbrains.kotlin.test.MuteInInvocationInterceptor.interceptTestMethod(muteWithDatabaseJunit5.kt:87) at java.util.concurrent.ForkJoinTask.doExec(ForkJoinTask.java:289) at java.util.concurrent.ForkJoinPool.helpStealer(ForkJoinPool.java:1958) at java.util.concurrent.ForkJoinPool.awaitJoin(ForkJoinPool.java:2047) at java.util.concurrent.ForkJoinTask.doJoin(ForkJoinTask.java:390) at java.util.concurrent.ForkJoinTask.join(ForkJoinTask.java:719) at java.util.concurrent.ForkJoinTask.doExec(ForkJoinTask.java:289) at java.util.concurrent.ForkJoinPool$WorkQueue.runTask(ForkJoinPool.java:1056) at java.util.concurrent.ForkJoinPool.runWorker(ForkJoinPool.java:1692) at java.util.concurrent.ForkJoinWorkerThread.run(ForkJoinWorkerThread.java:175)
'annotationRetentionsMultiModule',

1: java.lang.IllegalStateException: MISSING_BUILT_IN_DECLARATION: Cannot access built-in declaration 'kotlin.reflect.KClass'. Ensure that you have a dependency on the Kotlin standard library. at classLiteralInAnnotation.kt:(49,69) at org.jetbrains.kotlin.test.backend.handlers.NoFirCompilationErrorsHandler.processModule(NoFirCompilationErrorsHandler.kt:54) at org.jetbrains.kotlin.test.backend.handlers.NoFirCompilationErrorsHandler.processModule(NoFirCompilationErrorsHandler.kt:25) at org.jetbrains.kotlin.test.TestStep$NonGroupingStep$HandlersStep.processModule(TestStep.kt:95) at org.jetbrains.kotlin.test.TestStep$NonGroupingStep$HandlersStep.processModule(TestStep.kt:72) at org.jetbrains.kotlin.test.NonGroupingTestRunner.processModule(TestRunner.kt:264) at org.jetbrains.kotlin.test.NonGroupingTestRunner.hackyProcessModule(TestRunner.kt:255) at org.jetbrains.kotlin.test.NonGroupingTestRunner.processModule$lambda$2(TestRunner.kt:236) at org.jetbrains.kotlin.test.TestRunner.runPipelineOnSingleUnit(TestRunner.kt:85) at org.jetbrains.kotlin.test.NonGroupingTestRunner.processModule(TestRunner.kt:232) at org.jetbrains.kotlin.test.NonGroupingTestRunner.runSteps(TestRunner.kt:198) at org.jetbrains.kotlin.test.NonGroupingTestRunner.runTestPipeline(TestRunner.kt:183) at org.jetbrains.kotlin.test.NonGroupingTestRunner.runTest(TestRunner.kt:146) at org.jetbrains.kotlin.test.NonGroupingTestRunner.runTest$default(TestRunner.kt:143) at org.jetbrains.kotlin.test.runners.AbstractKotlinCompilerTest.runTest(AbstractKotlinCompilerTest.kt:119) at org.jetbrains.kotlin.jklib.test.irText.FirJKlibIrTextTestGenerated$Declarations$Annotations.run(FirJKlibIrTextTestGenerated.java:633) at org.jetbrains.kotlin.jklib.test.irText.FirJKlibIrTextTestGenerated$Declarations$Annotations.testClassLiteralInAnnotation(FirJKlibIrTextTestGenerated.java:699) at java.lang.reflect.Method.invoke(Method.java:498) at org.jetbrains.kotlin.test.MuteInInvocationInterceptor.interceptWithMuteInDatabase(muteWithDatabaseJunit5.kt:122) at org.jetbrains.kotlin.test.MuteInInvocationInterceptor.interceptTestMethod(muteWithDatabaseJunit5.kt:87) at java.util.concurrent.ForkJoinTask.doExec(ForkJoinTask.java:289) at java.util.concurrent.ForkJoinTask.doJoin(ForkJoinTask.java:389) at java.util.concurrent.ForkJoinTask.join(ForkJoinTask.java:719) at java.util.concurrent.ForkJoinTask.doExec(ForkJoinTask.java:289) at java.util.concurrent.ForkJoinTask.doJoin(ForkJoinTask.java:389) at java.util.concurrent.ForkJoinTask.join(ForkJoinTask.java:719) at java.util.concurrent.ForkJoinTask.doExec(ForkJoinTask.java:289) at java.util.concurrent.ForkJoinPool$WorkQueue.runTask(ForkJoinPool.java:1056) at java.util.concurrent.ForkJoinPool.runWorker(ForkJoinPool.java:1692) at java.util.concurrent.ForkJoinWorkerThread.run(ForkJoinWorkerThread.java:175)
'classLiteralInAnnotation',

1: java.lang.IllegalStateException: MISSING_BUILT_IN_DECLARATION: Cannot access built-in declaration 'kotlin.collections.IntIterator'. Ensure that you have a dependency on the Kotlin standard library. at arraysFromBuiltins.kt:(182,190) at org.jetbrains.kotlin.test.backend.handlers.NoFirCompilationErrorsHandler.processModule(NoFirCompilationErrorsHandler.kt:54) at org.jetbrains.kotlin.test.backend.handlers.NoFirCompilationErrorsHandler.processModule(NoFirCompilationErrorsHandler.kt:25) at org.jetbrains.kotlin.test.TestStep$NonGroupingStep$HandlersStep.processModule(TestStep.kt:95) at org.jetbrains.kotlin.test.TestStep$NonGroupingStep$HandlersStep.processModule(TestStep.kt:72) at org.jetbrains.kotlin.test.NonGroupingTestRunner.processModule(TestRunner.kt:264) at org.jetbrains.kotlin.test.NonGroupingTestRunner.hackyProcessModule(TestRunner.kt:255) at org.jetbrains.kotlin.test.NonGroupingTestRunner.processModule$lambda$2(TestRunner.kt:236) at org.jetbrains.kotlin.test.TestRunner.runPipelineOnSingleUnit(TestRunner.kt:85) at org.jetbrains.kotlin.test.NonGroupingTestRunner.processModule(TestRunner.kt:232) at org.jetbrains.kotlin.test.NonGroupingTestRunner.runSteps(TestRunner.kt:198) at org.jetbrains.kotlin.test.NonGroupingTestRunner.runTestPipeline(TestRunner.kt:183) at org.jetbrains.kotlin.test.NonGroupingTestRunner.runTest(TestRunner.kt:146) at org.jetbrains.kotlin.test.NonGroupingTestRunner.runTest$default(TestRunner.kt:143) at org.jetbrains.kotlin.test.runners.AbstractKotlinCompilerTest.runTest(AbstractKotlinCompilerTest.kt:119) at org.jetbrains.kotlin.jklib.test.irText.FirJKlibIrTextTestGenerated$Stubs.run(FirJKlibIrTextTestGenerated.java:4903) at org.jetbrains.kotlin.jklib.test.irText.FirJKlibIrTextTestGenerated$Stubs.testArraysFromBuiltins(FirJKlibIrTextTestGenerated.java:4909) at java.lang.reflect.Method.invoke(Method.java:498) at org.jetbrains.kotlin.test.MuteInInvocationInterceptor.interceptWithMuteInDatabase(muteWithDatabaseJunit5.kt:122) at org.jetbrains.kotlin.test.MuteInInvocationInterceptor.interceptTestMethod(muteWithDatabaseJunit5.kt:87) at java.util.concurrent.ForkJoinTask.doExec(ForkJoinTask.java:289) at java.util.concurrent.ForkJoinPool$WorkQueue.runTask(ForkJoinPool.java:1056) at java.util.concurrent.ForkJoinPool.runWorker(ForkJoinPool.java:1692) at java.util.concurrent.ForkJoinWorkerThread.run(ForkJoinWorkerThread.java:175)
'arraysFromBuiltins',

1: java.lang.IllegalStateException: UNRESOLVED_REFERENCE: Unresolved reference 'x'. at genericClassInDifferentModule_m2.kt:(150,151) at org.jetbrains.kotlin.test.backend.handlers.NoFirCompilationErrorsHandler.processModule(NoFirCompilationErrorsHandler.kt:54) at org.jetbrains.kotlin.test.backend.handlers.NoFirCompilationErrorsHandler.processModule(NoFirCompilationErrorsHandler.kt:25) at org.jetbrains.kotlin.test.TestStep$NonGroupingStep$HandlersStep.processModule(TestStep.kt:95) at org.jetbrains.kotlin.test.TestStep$NonGroupingStep$HandlersStep.processModule(TestStep.kt:72) at org.jetbrains.kotlin.test.NonGroupingTestRunner.processModule(TestRunner.kt:264) at org.jetbrains.kotlin.test.NonGroupingTestRunner.hackyProcessModule(TestRunner.kt:255) at org.jetbrains.kotlin.test.NonGroupingTestRunner.processModule$lambda$2(TestRunner.kt:236) at org.jetbrains.kotlin.test.TestRunner.runPipelineOnSingleUnit(TestRunner.kt:85) at org.jetbrains.kotlin.test.NonGroupingTestRunner.processModule(TestRunner.kt:232) at org.jetbrains.kotlin.test.NonGroupingTestRunner.runSteps(TestRunner.kt:198) at org.jetbrains.kotlin.test.NonGroupingTestRunner.runTestPipeline(TestRunner.kt:183) at org.jetbrains.kotlin.test.NonGroupingTestRunner.runTest(TestRunner.kt:146) at org.jetbrains.kotlin.test.NonGroupingTestRunner.runTest$default(TestRunner.kt:143) at org.jetbrains.kotlin.test.runners.AbstractKotlinCompilerTest.runTest(AbstractKotlinCompilerTest.kt:119) at org.jetbrains.kotlin.jklib.test.irText.FirJKlibIrTextTestGenerated$Stubs.run(FirJKlibIrTextTestGenerated.java:4903) at org.jetbrains.kotlin.jklib.test.irText.FirJKlibIrTextTestGenerated$Stubs.testGenericClassInDifferentModule(FirJKlibIrTextTestGenerated.java:4927) at java.lang.reflect.Method.invoke(Method.java:498) at org.jetbrains.kotlin.test.MuteInInvocationInterceptor.interceptWithMuteInDatabase(muteWithDatabaseJunit5.kt:122) at org.jetbrains.kotlin.test.MuteInInvocationInterceptor.interceptTestMethod(muteWithDatabaseJunit5.kt:87) at java.util.concurrent.ForkJoinTask.doExec(ForkJoinTask.java:289) at java.util.concurrent.ForkJoinTask.doJoin(ForkJoinTask.java:389) at java.util.concurrent.ForkJoinTask.join(ForkJoinTask.java:719) at java.util.concurrent.ForkJoinTask.doExec(ForkJoinTask.java:289) at java.util.concurrent.ForkJoinPool$WorkQueue.runTask(ForkJoinPool.java:1056) at java.util.concurrent.ForkJoinPool.runWorker(ForkJoinPool.java:1692) at java.util.concurrent.ForkJoinWorkerThread.run(ForkJoinWorkerThread.java:175)
'genericClassInDifferentModule',

