PsiJetFileStubImpl[package=]
  PACKAGE_DIRECTIVE
  IMPORT_LIST
  CLASS[classId=/Test, fqName=Test, isEnumEntry=false, isInterface=false, isLocal=false, isTopLevel=true, name=Test, superNames=[]]
    MODIFIER_LIST[]
      ANNOTATION_ENTRY[hasValueArguments=false, shortName=Deprecated]
        CONSTRUCTOR_CALLEE
          TYPE_REFERENCE
            USER_TYPE
              REFERENCE_EXPRESSION[referencedName=Deprecated]
    CLASS_BODY
