PsiJetFileStubImpl[package=]
  PACKAGE_DIRECTIVE
  IMPORT_LIST
  CLASS[classId=/Test, fqName=Test, isEnumEntry=false, isInterface=false, isLocal=false, isTopLevel=true, name=Test, superNames=[]]
    MODIFIER_LIST[annotation]
    PRIMARY_CONSTRUCTOR
      VALUE_PARAMETER_LIST
        VALUE_PARAMETER[fqName=Test.value, hasDefaultValue=false, hasValOrVar=true, isMutable=false, name=value]
          TYPE_REFERENCE
            USER_TYPE
              REFERENCE_EXPRESSION[referencedName=String]
        VALUE_PARAMETER[fqName=Test.other, hasDefaultValue=false, hasValOrVar=true, isMutable=false, name=other]
          TYPE_REFERENCE
            USER_TYPE
              REFERENCE_EXPRESSION[referencedName=String]
  CLASS[classId=/Annotated, fqName=Annotated, isEnumEntry=false, isInterface=false, isLocal=false, isTopLevel=true, name=Annotated, superNames=[]]
    MODIFIER_LIST[]
      ANNOTATION_ENTRY[hasValueArguments=true, shortName=Test]
        CONSTRUCTOR_CALLEE
          TYPE_REFERENCE
            USER_TYPE
              REFERENCE_EXPRESSION[referencedName=Test]
        VALUE_ARGUMENT_LIST
          VALUE_ARGUMENT[isSpread=false]
            STRING_TEMPLATE
          VALUE_ARGUMENT[isSpread=false]
            VALUE_ARGUMENT_NAME
              REFERENCE_EXPRESSION[referencedName=other]
            STRING_TEMPLATE
