PsiJetFileStubImpl[package=]
  PACKAGE_DIRECTIVE
  IMPORT_LIST
  CLASS[classId=/C, fqName=C, isEnumEntry=false, isInterface=false, isLocal=false, isTopLevel=true, name=C, superNames=[]]
    TYPE_PARAMETER_LIST
      TYPE_PARAMETER[fqName=null, isInVariance=false, isOutVariance=false, name=T]
    CLASS_BODY
