PsiJetFileStubImpl[package=]
  PACKAGE_DIRECTIVE
  IMPORT_LIST
  CLASS[classId=/More, fqName=More, isEnumEntry=false, isInterface=false, isLocal=false, isTopLevel=true, name=More, superNames=[]]
    CLASS_BODY
      PROPERTY[fqName=More.test, hasDelegate=false, hasDelegateExpression=false, hasInitializer=true, hasReturnTypeRef=true, isExtension=false, isTopLevel=false, isVar=false, name=test]
        MODIFIER_LIST[private]
        TYPE_REFERENCE
          USER_TYPE
            REFERENCE_EXPRESSION[referencedName=Int]
