PsiJetFileStubImpl[package=]
  PACKAGE_DIRECTIVE
  IMPORT_LIST
  CLASS[classId=/C, fqName=C, isEnumEntry=false, isInterface=false, isLocal=false, isTopLevel=true, name=C, superNames=[]]
    CLASS_BODY
      MODIFIER_LIST[]
        ANNOTATION
          ANNOTATION_ENTRY[hasValueArguments=false, shortName=Ann]
            CONSTRUCTOR_CALLEE
              TYPE_REFERENCE
                USER_TYPE
                  REFERENCE_EXPRESSION[referencedName=Ann]
  MODIFIER_LIST[]
    ANNOTATION
      ANNOTATION_ENTRY[hasValueArguments=false, shortName=Ann]
        CONSTRUCTOR_CALLEE
          TYPE_REFERENCE
            USER_TYPE
              REFERENCE_EXPRESSION[referencedName=Ann]
