PsiJetFileStubImpl[package=]
  PACKAGE_DIRECTIVE
  IMPORT_LIST
  PROPERTY[fqName=foo, hasDelegate=false, hasDelegateExpression=false, hasInitializer=false, hasReturnTypeRef=true, isExtension=false, isTopLevel=true, isVar=false, name=foo]
    TYPE_REFERENCE
      DYNAMIC_TYPE
  PROPERTY[fqName=foo_nullable, hasDelegate=false, hasDelegateExpression=false, hasInitializer=false, hasReturnTypeRef=true, isExtension=false, isTopLevel=true, isVar=false, name=foo_nullable]
    TYPE_REFERENCE
      NULLABLE_TYPE
        DYNAMIC_TYPE
  PROPERTY[fqName=foo_a, hasDelegate=false, hasDelegateExpression=false, hasInitializer=false, hasReturnTypeRef=true, isExtension=false, isTopLevel=true, isVar=false, name=foo_a]
    TYPE_REFERENCE
      MODIFIER_LIST[]
        ANNOTATION_ENTRY[hasValueArguments=false, shortName=A]
          CONSTRUCTOR_CALLEE
            TYPE_REFERENCE
              USER_TYPE
                REFERENCE_EXPRESSION[referencedName=A]
      DYNAMIC_TYPE
  PROPERTY[fqName=foo_nullable_a, hasDelegate=false, hasDelegateExpression=false, hasInitializer=false, hasReturnTypeRef=true, isExtension=false, isTopLevel=true, isVar=false, name=foo_nullable_a]
    TYPE_REFERENCE
      MODIFIER_LIST[]
        ANNOTATION_ENTRY[hasValueArguments=false, shortName=A]
          CONSTRUCTOR_CALLEE
            TYPE_REFERENCE
              USER_TYPE
                REFERENCE_EXPRESSION[referencedName=A]
      NULLABLE_TYPE
        DYNAMIC_TYPE
  CLASS[classId=/A, fqName=A, isEnumEntry=false, isInterface=false, isLocal=false, isTopLevel=true, name=A, superNames=[]]
    MODIFIER_LIST[annotation]
      ANNOTATION_ENTRY[hasValueArguments=true, shortName=Target]
        CONSTRUCTOR_CALLEE
          TYPE_REFERENCE
            USER_TYPE
              REFERENCE_EXPRESSION[referencedName=Target]
        VALUE_ARGUMENT_LIST
          VALUE_ARGUMENT[isSpread=false]
            DOT_QUALIFIED_EXPRESSION
              REFERENCE_EXPRESSION[referencedName=AnnotationTarget]
              REFERENCE_EXPRESSION[referencedName=TYPE]
          VALUE_ARGUMENT[isSpread=false]
            DOT_QUALIFIED_EXPRESSION
              REFERENCE_EXPRESSION[referencedName=AnnotationTarget]
              REFERENCE_EXPRESSION[referencedName=TYPE_PARAMETER]
