PsiJetFileStubImpl[package=]
  PACKAGE_DIRECTIVE:
  FUN:[fqName=f, hasBlockBody=true, hasBody=true, hasTypeParameterListBeforeFunctionName=false, isExtension=false, isProbablyNothingType=false, isTopLevel=true, name=f]
    VALUE_PARAMETER_LIST:
    OBJECT_DECLARATION:[fqName=null, isDefault=false, isLocal=true, isObjectLiteral=false, isTopLevel=false, name=foo, superNames=[]]
      CLASS_BODY:
        FUN:[fqName=null, hasBlockBody=true, hasBody=true, hasTypeParameterListBeforeFunctionName=false, isExtension=false, isProbablyNothingType=false, isTopLevel=false, name=foo]
          VALUE_PARAMETER_LIST:
        PROPERTY:[fqName=null, hasDelegate=false, hasDelegateExpression=false, hasInitializer=true, hasReceiverTypeRef=false, hasReturnTypeRef=true, isProbablyNothingType=false, isTopLevel=false, isVar=false, name=foo]
          TYPE_REFERENCE:
            USER_TYPE:[isAbsoluteInRootPackage=false]
              REFERENCE_EXPRESSION:[referencedName=Int]
