PsiJetFileStubImpl[package=]
  PACKAGE_DIRECTIVE
  IMPORT_LIST
  CLASS[classId=/A, fqName=A, isEnumEntry=false, isInterface=false, isLocal=false, isTopLevel=true, name=A, superNames=[]]
  CLASS[classId=/T, fqName=T, isEnumEntry=false, isInterface=true, isLocal=false, isTopLevel=true, name=T, superNames=[]]
  OBJECT_DECLARATION[classId=/Test, fqName=Test, isCompanion=false, isLocal=false, isObjectLiteral=false, isTopLevel=true, name=Test, superNames=[A, T]]
    SUPER_TYPE_LIST
      SUPER_TYPE_CALL_ENTRY
        CONSTRUCTOR_CALLEE
          TYPE_REFERENCE
            USER_TYPE
              REFERENCE_EXPRESSION[referencedName=A]
      SUPER_TYPE_ENTRY
        TYPE_REFERENCE
          USER_TYPE
            REFERENCE_EXPRESSION[referencedName=T]
    CLASS_BODY
