PsiJetFileStubImpl[package=]
  PACKAGE_DIRECTIVE
  IMPORT_LIST
  CLASS[classId=/Test, fqName=Test, isEnumEntry=false, isInterface=false, isLocal=false, isTopLevel=true, name=Test, superNames=[]]
    PRIMARY_CONSTRUCTOR
      VALUE_PARAMETER_LIST
    CLASS_BODY
      PROPERTY[fqName=Test.test, hasDelegate=false, hasDelegateExpression=false, hasInitializer=true, hasReturnTypeRef=false, isExtension=false, isTopLevel=false, isVar=false, name=test]
      CLASS_INITIALIZER
      FUN[fqName=Test.more, hasBlockBody=true, hasBody=true, hasTypeParameterListBeforeFunctionName=false, isExtension=false, isTopLevel=false, mayHaveContract=false, name=more]
        VALUE_PARAMETER_LIST
