import android.os.Build
import android.support.annotation.RequiresApi

// INTENTION_TEXT: Add @RequiresApi(KITKAT) Annotation
// INSPECTION_CLASS: com.android.tools.idea.lint.AndroidLintInlinedApiInspection
// DEPENDENCY: RequiresApi.java -> android/support/annotation/RequiresApi.java

class Test {
    @RequiresApi(Build.VERSION_CODES.KITKAT)
    fun foo(): Int {
        return android.R.attr.windowTranslucentStatus
    }
}