// INTENTION_TEXT: Add @RequiresApi(M) Annotation
// INSPECTION_CLASS: org.jetbrains.android.inspections.klint.AndroidLintInspectionToolProvider$AndroidKLintNewApiInspection
// DEPENDENCY: RequiresApi.java -> android/support/annotation/RequiresApi.java
import android.app.Activity
import android.os.Build
import android.support.annotation.RequiresApi

val top: Int
    @RequiresApi(Build.VERSION_CODES.M)
    get() = Activity().checkSelfPermission(READ_CONTACTS)