// INTENTION_TEXT: Add Parcelable Implementation
// INSPECTION_CLASS: com.android.tools.idea.lint.AndroidLintParcelCreatorInspection
import android.os.Parcel
import android.os.Parcelable

class NoImplementation() : Parcelable {
    constructor(parcel: Parcel) : this() {
    }

    override fun writeToParcel(parcel: Parcel, flags: Int) {

    }

    override fun describeContents(): Int {
        return 0
    }

    companion object CREATOR : Parcelable.Creator<NoImplementation> {
        override fun createFromParcel(parcel: Parcel): NoImplementation {
            return NoImplementation(parcel)
        }

        override fun newArray(size: Int): Array<NoImplementation?> {
            return arrayOfNulls(size)
        }
    }
}