ERR:
noReflect.kt:5:23: warning: [NO_REFLECTION_IN_CLASS_PATH] Call uses reflection API which is not found in compilation classpath. Make sure you have kotlin-reflect.jar in the classpath.
        String::class.annotations
                      ^^^^^^^^^^^
noReflect.kt:5:23: warning: [RETURN_VALUE_NOT_USED] Unused return value of 'annotations'.
        String::class.annotations
                      ^^^^^^^^^^^

Return code: 0
