import android.annotation.SuppressLint

// INTENTION_TEXT: Suppress: Add @SuppressLint("SdCardPath") annotation
// INSPECTION_CLASS: org.jetbrains.android.inspections.klint.AndroidLintInspectionToolProvider$AndroidKLintSdCardPathInspection

fun foo(@SuppressLint("SdCardPath") path: String = "/sdcard") = path