import android.os.Build

// INTENTION_TEXT: Surround with if (VERSION.SDK_INT >= VERSION_CODES.KITKAT) { ... }
// INSPECTION_CLASS: org.jetbrains.android.inspections.klint.AndroidLintInspectionToolProvider$AndroidKLintInlinedApiInspection

class Test {
    fun foo(): Int {
        return if (Build.VERSION.SDK_INT >= Build.VERSION_CODES.KITKAT) {
            android.R.attr.windowTranslucentStatus
        } else {
            TODO("VERSION.SDK_INT < KITKAT")
        }
    }
}