OUT:
Buildfile: [TestData]/build.xml

build:
  [kotlinc] Support for the Ant build system is currently deprecated and planned for removal in the Kotlin 2.3.0 release. If you're interested in taking on the role of an external maintainer, please contact us via https://kotl.in/ant-deprecation.
  [kotlinc] Compiling [[TestData]] => [[Temp]]
  [kotlinc] [TestData]/incorrectKotlinCode.kt:1:1: error: syntax error: Expecting a top level declaration.
  [kotlinc] xxxx
  [kotlinc] ^^^^

ERR:

BUILD FAILED
[TestData]/build.xml:5: Compile failed; see the compiler error output for details.

Total time: [time]

Return code: 1
