OUT Buildfile: [TestData]/build.xml
OUT 
OUT build:
OUT     [mkdir] Created dir: [Temp]/classes
OUT   [kotlinc] Compiling [[[TestData]/root1]] => [[Temp]/classes]
OUT     [javac] Compiling 1 source file to [Temp]/classes
OUT       [jar] Building jar: [Temp]/hello.jar
OUT 
OUT BUILD SUCCESSFUL
OUT Total time: [time]
Return code: 0
