To honour the JVM settings for this build a single-use Daemon process will be forked. For more on this, please refer to https://docs.gradle.org/9.6.1/userguide/gradle_daemon.html#sec:disabling_the_daemon in the Gradle documentation.
Daemon will be stopped at the end of the build 

> Task :android-lib:dependencies

------------------------------------------------------------
Project ':android-lib'
------------------------------------------------------------

debugCompileClasspath - Compile classpath for '/debug'.
+--- org.jetbrains.kotlin:kotlin-stdlib:2.3.21
|    \--- org.jetbrains:annotations:13.0
\--- ru.quickresto:kkm-contract:3.0.0
     \--- ru.quickresto:kkm-contract-jvm:3.0.0
          \--- org.jetbrains.kotlin:kotlin-stdlib:2.3.21 (*)

(*) - Indicates repeated occurrences of a transitive dependency subtree. Gradle expands transitive dependency subtrees only once per project; repeat occurrences only display the root of the subtree, followed by this annotation.

A web-based, searchable dependency report is available by adding the --scan option.

[Incubating] Problems report is available at: file:///workspace/kotlin/ktij-39840-reproducer/consumer/build/reports/problems/problems-report.html

Deprecated Gradle features were used in this build, making it incompatible with Gradle 10.

You can use '--warning-mode all' to show the individual deprecation warnings and determine if they come from your own scripts or plugins.

For more on this, please refer to https://docs.gradle.org/9.6.1/userguide/command_line_interface.html#sec:command_line_warnings in the Gradle documentation.

BUILD SUCCESSFUL in 7s
1 actionable task: 1 executed
Consider enabling configuration cache to speed up this build: https://docs.gradle.org/9.6.1/userguide/configuration_cache_enabling.html
