OUT:
Buildfile: [TestData]/build.xml

build:
    [mkdir] Created dir: [Temp]/lib
[kotlin2js] Compiling [[TestData]/jslib-example1] => [[Temp]/lib/jslib-example1.js]
[kotlin2js] Compiling [[TestData]/jslib-example2] => [[Temp]/lib/jslib-example2.js]
[kotlin2js] Compiling [[TestData]/root1] => [[Temp]/out.js]
     [copy] Copying 4 files to [Temp]

BUILD SUCCESSFUL
Total time: [time]

Return code: 0
