import android.os.Parcel
import android.os.Parcelable

// INTENTION_CLASS: org.jetbrains.kotlin.android.intention.ImplementParcelableAction

class MyData(val number: Int, val text: String, flag: Boolean) : Parcelable {
    constructor(parcel: Parcel) : this(
            parcel.readInt(),
            parcel.readString(),
            TODO("flag")) {
    }

    override fun writeToParcel(parcel: Parcel, flags: Int) {
        parcel.writeInt(number)
        parcel.writeString(text)
    }

    override fun describeContents(): Int {
        return 0
    }

    companion object CREATOR : Parcelable.Creator<MyData> {
        override fun createFromParcel(parcel: Parcel): MyData {
            return MyData(parcel)
        }

        override fun newArray(size: Int): Array<MyData?> {
            return arrayOfNulls(size)
        }
    }
}
